[
  {
    "file": "clodo-dev-site\\docs\\developer\\examples\\README.md",
    "line": 319,
    "pattern": "password",
    "match": "password: 'password123'..."
  },
  {
    "file": "clodo-dev-site\\docs\\developer\\examples\\README.md",
    "line": 340,
    "pattern": "password",
    "match": "password: 'wrongpassword'..."
  },
  {
    "file": "clodo-dev-site\\docs\\developer\\README.md",
    "line": 294,
    "pattern": "password",
    "match": "password: 'string|min:8|complex'..."
  },
  {
    "file": "clodo-dev-site\\docs\\guides\\BREVO_SETUP.md",
    "line": 35,
    "pattern": "api_key",
    "match": "API_KEY: 'xkeysib-your-actual-api-key-here'..."
  },
  {
    "file": "clodo-dev-site\\docs\\guides\\BREVO_SETUP.md",
    "line": 46,
    "pattern": "api_key",
    "match": "API_KEY='xkeysib-your-actual-api-key-here'..."
  },
  {
    "file": "clodo-dev-site\\docs\\guides\\CLOUDFLARE_PAGES_SETUP.md",
    "line": 8,
    "pattern": "api_key",
    "match": "API_KEY: 'xkeysib-your-api-key-here'..."
  },
  {
    "file": "clodo-dev-site\\public\\js\\analytics.js",
    "line": 20,
    "pattern": "secret",
    "match": "TOKEN: '049306cd3cd546ae91b66ebd97a71b89'..."
  },
  {
    "file": "docs\\env-var-standardization.md",
    "line": 239,
    "pattern": "password",
    "match": "PASSWORD=\"password-here\"..."
  },
  {
    "file": "docs\\STAGING_DEPLOYMENT_GUIDE.md",
    "line": 93,
    "pattern": "secret",
    "match": "TOKEN=\"your-staging-cloudflare-token\"..."
  },
  {
    "file": "i-docs\\guides\\examples-gallery.md",
    "line": 1249,
    "pattern": "password",
    "match": "password: 'wrongpassword'..."
  },
  {
    "file": "src\\service-management\\generators\\testing\\UnitTestsGenerator.js",
    "line": 237,
    "pattern": "secret",
    "match": "token: 'eyJhbGciOiJIUzI1NiIsInR5cCI6IkpXVCJ9'..."
  },
  {
    "file": "test\\e2e\\cli\\create.test.js",
    "line": 340,
    "pattern": "secret",
    "match": "Token: 'interactive-token-123456789012345678901234..."
  },
  {
    "file": "test\\e2e\\cli\\create.test.js",
    "line": 340,
    "pattern": "cloudflare_token",
    "match": "cloudflareToken: 'interactive-token-12345678901234..."
  },
  {
    "file": "test\\shared\\utils\\ConfigLoader.test.js",
    "line": 462,
    "pattern": "password",
    "match": "password: 'my-password'..."
  },
  {
    "file": "test\\shared\\utils\\ConfigLoader.test.js",
    "line": 533,
    "pattern": "password",
    "match": "password: 'db-secret'..."
  },
  {
    "file": "test\\shared\\utils\\SensitiveRedactor.test.js",
    "line": 123,
    "pattern": "secret",
    "match": "Token: 'sk_live_abcdef123456'..."
  },
  {
    "file": "test\\shared\\utils\\SensitiveRedactor.test.js",
    "line": 124,
    "pattern": "password",
    "match": "password: 'secret123'..."
  },
  {
    "file": "test\\shared\\utils\\SensitiveRedactor.test.js",
    "line": 133,
    "pattern": "password",
    "match": "password: '[REDACTED]'..."
  },
  {
    "file": "test\\shared\\utils\\SensitiveRedactor.test.js",
    "line": 147,
    "pattern": "password",
    "match": "password: 'dbSecret456'..."
  },
  {
    "file": "test\\shared\\utils\\SensitiveRedactor.test.js",
    "line": 162,
    "pattern": "password",
    "match": "password: '[REDACTED]'..."
  },
  {
    "file": "test\\shared\\utils\\SensitiveRedactor.test.js",
    "line": 200,
    "pattern": "secret",
    "match": "Token: 'CLOUDFLARE_API_TOKEN=global123'..."
  },
  {
    "file": "test\\shared\\utils\\SensitiveRedactor.test.js",
    "line": 308,
    "pattern": "stripe_key",
    "match": "sk_live_failed1234567890abcdef..."
  }
]